// Jest Snapshot v1, https://goo.gl/fbAQLP

exports[`IconNavBar.style StyledTab should cover when passed selected=true to Item 1`] = `
<div
  className="sc-bwzfXH imfgwZ"
  selected={true}
/>
`;

exports[`IconNavBar.style StyledTab should render correctly Item 1`] = `
<div
  className="sc-bwzfXH gfKqew"
  selected={false}
/>
`;
